
> Configure project :
New Dep: net.minecraftforge:forge:1.12.2-14.23.5.2864_mapped_snapshot_20171003-1.12

> Task :compileJava FAILED
.\gradlew : G:\myfirstmod\bloodcraft\src\main\java\com\qiamao\blood\world\World
GenFleshCluster.java:1: 閿欒: 缂栫爜UTF8鐨勪笉鍙槧灏勫瓧绗?
所在位置 行:1 字符: 5
+ & { .\gradlew build > build_output.txt 2>&1 } | Out-Host; exit $LASTE ...
+     ~~~~~~~~~~~~~~~~~~~~~~~~~~~~~~~~~~~~~~~
    + CategoryInfo          : NotSpecified: (G:\myfirstmod\b...UTF8鐨勪笉鍙槧灏勫瓧绗? 
   :String) [], RemoteException
    + FullyQualifiedErrorId : NativeCommandError
 
锟斤拷p a c k a g e   c o m . q i a m a o . b l o o d . w o r l d ; 
^
G:\myfirstmod\bloodcraft\src\main\java\com\qiamao\blood\world\WorldGenFleshClus
ter.java:1: 閿欒: 缂栫爜UTF8鐨勪笉鍙槧灏勫瓧绗?
锟斤拷p a c k a g e   c o m . q i a m a o . b l o o d . w o r l d ; 
 ^
G:\myfirstmod\bloodcraft\src\main\java\com\qiamao\blood\world\WorldGenFleshClus
ter.java:1: 閿欒: 闈炴硶瀛楃: '\ufffd'
锟斤拷p a c k a g e   c o m . q i a m a o . b l o o d . w o r l d ; 
^
G:\myfirstmod\bloodcraft\src\main\java\com\qiamao\blood\world\WorldGenFleshClus
ter.java:1: 閿欒: 闈炴硶瀛楃: '\ufffd'
锟斤拷p a c k a g e   c o m . q i a m a o . b l o o d . w o r l d ; 
 ^
G:\myfirstmod\bloodcraft\src\main\java\com\qiamao\blood\world\WorldGenFleshClus
ter.java:1: 閿欒: 闇€瑕乧lass, interface鎴杄num
锟斤拷p a c k a g e   c o m . q i a m a o . b l o o d . w o r l d ; 
  ^
G:\myfirstmod\bloodcraft\src\main\java\com\qiamao\blood\world\WorldGenFleshClus
ter.java:1: 閿欒: 闈炴硶瀛楃: '\u0000'
锟斤拷p a c k a g e   c o m . q i a m a o . b l o o d . w o r l d ; 
                 ^
G:\myfirstmod\bloodcraft\src\main\java\com\qiamao\blood\world\WorldGenFleshClus
ter.java:1: 閿欒: 闈炴硶瀛楃: '\u0000'
锟斤拷p a c k a g e   c o m . q i a m a o . b l o o d . w o r l d ; 
                         ^
G:\myfirstmod\bloodcraft\src\main\java\com\qiamao\blood\world\WorldGenFleshClus
ter.java:1: 閿欒: 闈炴硶瀛楃: '\u0000'
锟斤拷p a c k a g e   c o m . q i a m a o . b l o o d . w o r l d ; 
                                       ^
G:\myfirstmod\bloodcraft\src\main\java\com\qiamao\blood\world\WorldGenFleshClus
ter.java:1: 閿欒: 闈炴硶瀛楃: '\u0000'
锟斤拷p a c k a g e   c o m . q i a m a o . b l o o d . w o r l d ; 
                                                   ^
G:\myfirstmod\bloodcraft\src\main\java\com\qiamao\blood\world\WorldGenFleshClus
ter.java:1: 閿欒: 闈炴硶瀛楃: '\u0000'
锟斤拷p a c k a g e   c o m . q i a m a o . b l o o d . w o r l d ; 
                                                               ^
G:\myfirstmod\bloodcraft\src\main\java\com\qiamao\blood\world\WorldGenFleshClus
ter.java:2: 閿欒: 闈炴硶瀛楃: '\u0000'
 
^
G:\myfirstmod\bloodcraft\src\main\java\com\qiamao\blood\world\WorldGenFleshClus
ter.java:3: 閿欒: 闈炴硶瀛楃: '\u0000'
 
^
G:\myfirstmod\bloodcraft\src\main\java\com\qiamao\blood\world\WorldGenFleshClus
ter.java:4: 閿欒: 闈炴硶瀛楃: '\u0000'
 
^
G:\myfirstmod\bloodcraft\src\main\java\com\qiamao\blood\world\WorldGenFleshClus
ter.java:5: 閿欒: 闈炴硶瀛楃: '\u0000'
 i m p o r t   c o m . q i a m a o . b l o o d . i n i t . M o d B l o c k s ; 
^
G:\myfirstmod\bloodcraft\src\main\java\com\qiamao\blood\world\WorldGenFleshClus
ter.java:5: 閿欒: 闈炴硶瀛楃: '\u0000'
 i m p o r t   c o m . q i a m a o . b l o o d . i n i t . M o d B l o c k s ; 
              ^
G:\myfirstmod\bloodcraft\src\main\java\com\qiamao\blood\world\WorldGenFleshClus
ter.java:5: 閿欒: 闇€瑕乧lass, interface鎴杄num
 i m p o r t   c o m . q i a m a o . b l o o d . i n i t . M o d B l o c k s ; 
                     ^
G:\myfirstmod\bloodcraft\src\main\java\com\qiamao\blood\world\WorldGenFleshClus
ter.java:5: 閿欒: 闈炴硶瀛楃: '\u0000'
 i m p o r t   c o m . q i a m a o . b l o o d . i n i t . M o d B l o c k s ; 
                      ^
G:\myfirstmod\bloodcraft\src\main\java\com\qiamao\blood\world\WorldGenFleshClus
ter.java:5: 閿欒: 闈炴硶瀛楃: '\u0000'
 i m p o r t   c o m . q i a m a o . b l o o d . i n i t . M o d B l o c k s ; 
                                    ^
G:\myfirstmod\bloodcraft\src\main\java\com\qiamao\blood\world\WorldGenFleshClus
ter.java:5: 閿欒: 闈炴硶瀛楃: '\u0000'
 i m p o r t   c o m . q i a m a o . b l o o d . i n i t . M o d B l o c k s ; 
                                                ^
G:\myfirstmod\bloodcraft\src\main\java\com\qiamao\blood\world\WorldGenFleshClus
ter.java:5: 閿欒: 闈炴硶瀛楃: '\u0000'
 i m p o r t   c o m . q i a m a o . b l o o d . i n i t . M o d B l o c k s ; 
                                                          ^
G:\myfirstmod\bloodcraft\src\main\java\com\qiamao\blood\world\WorldGenFleshClus
ter.java:5: 閿欒: 闈炴硶瀛楃: '\u0000'
 i m p o r t   c o m . q i a m a o . b l o o d . i n i t . M o d B l o c k s ; 
                                                                              ^
G:\myfirstmod\bloodcraft\src\main\java\com\qiamao\blood\world\WorldGenFleshClus
ter.java:6: 閿欒: 闈炴硶瀛楃: '\u0000'
 
^
G:\myfirstmod\bloodcraft\src\main\java\com\qiamao\blood\world\WorldGenFleshClus
ter.java:7: 閿欒: 闈炴硶瀛楃: '\u0000'
 i m p o r t   c o m . q i a m a o . b l o o d . b l o c k . B l o c k F l e s 
h C h u n k ; 
^
G:\myfirstmod\bloodcraft\src\main\java\com\qiamao\blood\world\WorldGenFleshClus
ter.java:7: 閿欒: 闈炴硶瀛楃: '\u0000'
 i m p o r t   c o m . q i a m a o . b l o o d . b l o c k . B l o c k F l e s 
h C h u n k ; 
              ^
G:\myfirstmod\bloodcraft\src\main\java\com\qiamao\blood\world\WorldGenFleshClus
ter.java:7: 閿欒: 闇€瑕乧lass, interface鎴杄num
 i m p o r t   c o m . q i a m a o . b l o o d . b l o c k . B l o c k F l e s 
h C h u n k ; 
                     ^
G:\myfirstmod\bloodcraft\src\main\java\com\qiamao\blood\world\WorldGenFleshClus
ter.java:7: 閿欒: 闈炴硶瀛楃: '\u0000'
 i m p o r t   c o m . q i a m a o . b l o o d . b l o c k . B l o c k F l e s 
h C h u n k ; 
                      ^
G:\myfirstmod\bloodcraft\src\main\java\com\qiamao\blood\world\WorldGenFleshClus
ter.java:7: 閿欒: 闈炴硶瀛楃: '\u0000'
 i m p o r t   c o m . q i a m a o . b l o o d . b l o c k . B l o c k F l e s 
h C h u n k ; 
                                    ^
G:\myfirstmod\bloodcraft\src\main\java\com\qiamao\blood\world\WorldGenFleshClus
ter.java:7: 閿欒: 闈炴硶瀛楃: '\u0000'
 i m p o r t   c o m . q i a m a o . b l o o d . b l o c k . B l o c k F l e s 
h C h u n k ; 
                                                ^
G:\myfirstmod\bloodcraft\src\main\java\com\qiamao\blood\world\WorldGenFleshClus
ter.java:7: 閿欒: 闈炴硶瀛楃: '\u0000'
 i m p o r t   c o m . q i a m a o . b l o o d . b l o c k . B l o c k F l e s 
h C h u n k ; 
                                                            ^
G:\myfirstmod\bloodcraft\src\main\java\com\qiamao\blood\world\WorldGenFleshClus
ter.java:7: 閿欒: 闈炴硶瀛楃: '\u0000'
 i m p o r t   c o m . q i a m a o . b l o o d . b l o c k . B l o c k F l e s 
h C h u n k ; 
                                                                               
             ^
G:\myfirstmod\bloodcraft\src\main\java\com\qiamao\blood\world\WorldGenFleshClus
ter.java:8: 閿欒: 闈炴硶瀛楃: '\u0000'
 
^
G:\myfirstmod\bloodcraft\src\main\java\com\qiamao\blood\world\WorldGenFleshClus
ter.java:9: 閿欒: 闈炴硶瀛楃: '\u0000'
 i m p o r t   n e t . m i n e c r a f t . b l o c k . s t a t e . I B l o c k 
S t a t e ; 
^
G:\myfirstmod\bloodcraft\src\main\java\com\qiamao\blood\world\WorldGenFleshClus
ter.java:9: 閿欒: 闈炴硶瀛楃: '\u0000'
 i m p o r t   n e t . m i n e c r a f t . b l o c k . s t a t e . I B l o c k 
S t a t e ; 
              ^
G:\myfirstmod\bloodcraft\src\main\java\com\qiamao\blood\world\WorldGenFleshClus
ter.java:9: 閿欒: 闇€瑕乧lass, interface鎴杄num
 i m p o r t   n e t . m i n e c r a f t . b l o c k . s t a t e . I B l o c k 
S t a t e ; 
                     ^
G:\myfirstmod\bloodcraft\src\main\java\com\qiamao\blood\world\WorldGenFleshClus
ter.java:9: 閿欒: 闈炴硶瀛楃: '\u0000'
 i m p o r t   n e t . m i n e c r a f t . b l o c k . s t a t e . I B l o c k 
S t a t e ; 
                      ^
G:\myfirstmod\bloodcraft\src\main\java\com\qiamao\blood\world\WorldGenFleshClus
ter.java:9: 閿欒: 闈炴硶瀛楃: '\u0000'
 i m p o r t   n e t . m i n e c r a f t . b l o c k . s t a t e . I B l o c k 
S t a t e ; 
                                          ^
G:\myfirstmod\bloodcraft\src\main\java\com\qiamao\blood\world\WorldGenFleshClus
ter.java:9: 閿欒: 闈炴硶瀛楃: '\u0000'
 i m p o r t   n e t . m i n e c r a f t . b l o c k . s t a t e . I B l o c k 
S t a t e ; 
                                                      ^
G:\myfirstmod\bloodcraft\src\main\java\com\qiamao\blood\world\WorldGenFleshClus
ter.java:9: 閿欒: 闈炴硶瀛楃: '\u0000'
 i m p o r t   n e t . m i n e c r a f t . b l o c k . s t a t e . I B l o c k 
S t a t e ; 
                                                                  ^
G:\myfirstmod\bloodcraft\src\main\java\com\qiamao\blood\world\WorldGenFleshClus
ter.java:9: 閿欒: 闈炴硶瀛楃: '\u0000'
 i m p o r t   n e t . m i n e c r a f t . b l o c k . s t a t e . I B l o c k 
S t a t e ; 
                                                                               
           ^
G:\myfirstmod\bloodcraft\src\main\java\com\qiamao\blood\world\WorldGenFleshClus
ter.java:10: 閿欒: 闈炴硶瀛楃: '\u0000'
 
^
G:\myfirstmod\bloodcraft\src\main\java\com\qiamao\blood\world\WorldGenFleshClus
ter.java:11: 閿欒: 闈炴硶瀛楃: '\u0000'
 i m p o r t   n e t . m i n e c r a f t . i n i t . B l o c k s ; 
^
G:\myfirstmod\bloodcraft\src\main\java\com\qiamao\blood\world\WorldGenFleshClus
ter.java:11: 閿欒: 闈炴硶瀛楃: '\u0000'
 i m p o r t   n e t . m i n e c r a f t . i n i t . B l o c k s ; 
              ^
G:\myfirstmod\bloodcraft\src\main\java\com\qiamao\blood\world\WorldGenFleshClus
ter.java:11: 閿欒: 闇€瑕乧lass, interface鎴杄num
 i m p o r t   n e t . m i n e c r a f t . i n i t . B l o c k s ; 
                     ^
G:\myfirstmod\bloodcraft\src\main\java\com\qiamao\blood\world\WorldGenFleshClus
ter.java:11: 閿欒: 闈炴硶瀛楃: '\u0000'
 i m p o r t   n e t . m i n e c r a f t . i n i t . B l o c k s ; 
                      ^
G:\myfirstmod\bloodcraft\src\main\java\com\qiamao\blood\world\WorldGenFleshClus
ter.java:11: 閿欒: 闈炴硶瀛楃: '\u0000'
 i m p o r t   n e t . m i n e c r a f t . i n i t . B l o c k s ; 
                                          ^
G:\myfirstmod\bloodcraft\src\main\java\com\qiamao\blood\world\WorldGenFleshClus
ter.java:11: 閿欒: 闈炴硶瀛楃: '\u0000'
 i m p o r t   n e t . m i n e c r a f t . i n i t . B l o c k s ; 
                                                    ^
G:\myfirstmod\bloodcraft\src\main\java\com\qiamao\blood\world\WorldGenFleshClus
ter.java:11: 閿欒: 闈炴硶瀛楃: '\u0000'
 i m p o r t   n e t . m i n e c r a f t . i n i t . B l o c k s ; 
                                                                  ^
G:\myfirstmod\bloodcraft\src\main\java\com\qiamao\blood\world\WorldGenFleshClus
ter.java:12: 閿欒: 闈炴硶瀛楃: '\u0000'
 
^
G:\myfirstmod\bloodcraft\src\main\java\com\qiamao\blood\world\WorldGenFleshClus
ter.java:13: 閿欒: 闈炴硶瀛楃: '\u0000'
 i m p o r t   n e t . m i n e c r a f t . u t i l . E n u m F a c i n g ; 
^
G:\myfirstmod\bloodcraft\src\main\java\com\qiamao\blood\world\WorldGenFleshClus
ter.java:13: 閿欒: 闈炴硶瀛楃: '\u0000'
 i m p o r t   n e t . m i n e c r a f t . u t i l . E n u m F a c i n g ; 
              ^
G:\myfirstmod\bloodcraft\src\main\java\com\qiamao\blood\world\WorldGenFleshClus
ter.java:13: 閿欒: 闇€瑕乧lass, interface鎴杄num
 i m p o r t   n e t . m i n e c r a f t . u t i l . E n u m F a c i n g ; 
                     ^
G:\myfirstmod\bloodcraft\src\main\java\com\qiamao\blood\world\WorldGenFleshClus
ter.java:13: 閿欒: 闈炴硶瀛楃: '\u0000'
 i m p o r t   n e t . m i n e c r a f t . u t i l . E n u m F a c i n g ; 
                      ^
G:\myfirstmod\bloodcraft\src\main\java\com\qiamao\blood\world\WorldGenFleshClus
ter.java:13: 閿欒: 闈炴硶瀛楃: '\u0000'
 i m p o r t   n e t . m i n e c r a f t . u t i l . E n u m F a c i n g ; 
                                          ^
G:\myfirstmod\bloodcraft\src\main\java\com\qiamao\blood\world\WorldGenFleshClus
ter.java:13: 閿欒: 闈炴硶瀛楃: '\u0000'
 i m p o r t   n e t . m i n e c r a f t . u t i l . E n u m F a c i n g ; 
                                                    ^
G:\myfirstmod\bloodcraft\src\main\java\com\qiamao\blood\world\WorldGenFleshClus
ter.java:13: 閿欒: 闈炴硶瀛楃: '\u0000'
 i m p o r t   n e t . m i n e c r a f t . u t i l . E n u m F a c i n g ; 
                                                                          ^
G:\myfirstmod\bloodcraft\src\main\java\com\qiamao\blood\world\WorldGenFleshClus
ter.java:14: 閿欒: 闈炴硶瀛楃: '\u0000'
 
^
G:\myfirstmod\bloodcraft\src\main\java\com\qiamao\blood\world\WorldGenFleshClus
ter.java:15: 閿欒: 闈炴硶瀛楃: '\u0000'
 i m p o r t   n e t . m i n e c r a f t . u t i l . m a t h . B l o c k P o s 
; 
^
G:\myfirstmod\bloodcraft\src\main\java\com\qiamao\blood\world\WorldGenFleshClus
ter.java:15: 閿欒: 闈炴硶瀛楃: '\u0000'
 i m p o r t   n e t . m i n e c r a f t . u t i l . m a t h . B l o c k P o s 
; 
              ^
G:\myfirstmod\bloodcraft\src\main\java\com\qiamao\blood\world\WorldGenFleshClus
ter.java:15: 閿欒: 闇€瑕乧lass, interface鎴杄num
 i m p o r t   n e t . m i n e c r a f t . u t i l . m a t h . B l o c k P o s 
; 
                     ^
G:\myfirstmod\bloodcraft\src\main\java\com\qiamao\blood\world\WorldGenFleshClus
ter.java:15: 閿欒: 闈炴硶瀛楃: '\u0000'
 i m p o r t   n e t . m i n e c r a f t . u t i l . m a t h . B l o c k P o s 
; 
                      ^
G:\myfirstmod\bloodcraft\src\main\java\com\qiamao\blood\world\WorldGenFleshClus
ter.java:15: 閿欒: 闈炴硶瀛楃: '\u0000'
 i m p o r t   n e t . m i n e c r a f t . u t i l . m a t h . B l o c k P o s 
; 
                                          ^
G:\myfirstmod\bloodcraft\src\main\java\com\qiamao\blood\world\WorldGenFleshClus
ter.java:15: 閿欒: 闈炴硶瀛楃: '\u0000'
 i m p o r t   n e t . m i n e c r a f t . u t i l . m a t h . B l o c k P o s 
; 
                                                    ^
G:\myfirstmod\bloodcraft\src\main\java\com\qiamao\blood\world\WorldGenFleshClus
ter.java:15: 閿欒: 闈炴硶瀛楃: '\u0000'
 i m p o r t   n e t . m i n e c r a f t . u t i l . m a t h . B l o c k P o s 
; 
                                                              ^
G:\myfirstmod\bloodcraft\src\main\java\com\qiamao\blood\world\WorldGenFleshClus
ter.java:15: 閿欒: 闈炴硶瀛楃: '\u0000'
 i m p o r t   n e t . m i n e c r a f t . u t i l . m a t h . B l o c k P o s 
; 
                                                                               
 ^
G:\myfirstmod\bloodcraft\src\main\java\com\qiamao\blood\world\WorldGenFleshClus
ter.java:16: 閿欒: 闈炴硶瀛楃: '\u0000'
 
^
G:\myfirstmod\bloodcraft\src\main\java\com\qiamao\blood\world\WorldGenFleshClus
ter.java:17: 閿欒: 闈炴硶瀛楃: '\u0000'
 i m p o r t   n e t . m i n e c r a f t . w o r l d . W o r l d ; 
^
G:\myfirstmod\bloodcraft\src\main\java\com\qiamao\blood\world\WorldGenFleshClus
ter.java:17: 閿欒: 闈炴硶瀛楃: '\u0000'
 i m p o r t   n e t . m i n e c r a f t . w o r l d . W o r l d ; 
              ^
G:\myfirstmod\bloodcraft\src\main\java\com\qiamao\blood\world\WorldGenFleshClus
ter.java:17: 閿欒: 闇€瑕乧lass, interface鎴杄num
 i m p o r t   n e t . m i n e c r a f t . w o r l d . W o r l d ; 
                     ^
G:\myfirstmod\bloodcraft\src\main\java\com\qiamao\blood\world\WorldGenFleshClus
ter.java:17: 閿欒: 闈炴硶瀛楃: '\u0000'
 i m p o r t   n e t . m i n e c r a f t . w o r l d . W o r l d ; 
                      ^
G:\myfirstmod\bloodcraft\src\main\java\com\qiamao\blood\world\WorldGenFleshClus
ter.java:17: 閿欒: 闈炴硶瀛楃: '\u0000'
 i m p o r t   n e t . m i n e c r a f t . w o r l d . W o r l d ; 
                                          ^
G:\myfirstmod\bloodcraft\src\main\java\com\qiamao\blood\world\WorldGenFleshClus
ter.java:17: 閿欒: 闈炴硶瀛楃: '\u0000'
 i m p o r t   n e t . m i n e c r a f t . w o r l d . W o r l d ; 
                                                      ^
G:\myfirstmod\bloodcraft\src\main\java\com\qiamao\blood\world\WorldGenFleshClus
ter.java:17: 閿欒: 闈炴硶瀛楃: '\u0000'
 i m p o r t   n e t . m i n e c r a f t . w o r l d . W o r l d ; 
                                                                  ^
G:\myfirstmod\bloodcraft\src\main\java\com\qiamao\blood\world\WorldGenFleshClus
ter.java:18: 閿欒: 闈炴硶瀛楃: '\u0000'
 
^
G:\myfirstmod\bloodcraft\src\main\java\com\qiamao\blood\world\WorldGenFleshClus
ter.java:19: 閿欒: 闈炴硶瀛楃: '\u0000'
 i m p o r t   n e t . m i n e c r a f t . w o r l d . g e n . f e a t u r e . 
W o r l d G e n e r a t o r ; 
^
G:\myfirstmod\bloodcraft\src\main\java\com\qiamao\blood\world\WorldGenFleshClus
ter.java:19: 閿欒: 闈炴硶瀛楃: '\u0000'
 i m p o r t   n e t . m i n e c r a f t . w o r l d . g e n . f e a t u r e . 
W o r l d G e n e r a t o r ; 
              ^
G:\myfirstmod\bloodcraft\src\main\java\com\qiamao\blood\world\WorldGenFleshClus
ter.java:19: 閿欒: 闇€瑕乧lass, interface鎴杄num
 i m p o r t   n e t . m i n e c r a f t . w o r l d . g e n . f e a t u r e . 
W o r l d G e n e r a t o r ; 
                     ^
G:\myfirstmod\bloodcraft\src\main\java\com\qiamao\blood\world\WorldGenFleshClus
ter.java:19: 閿欒: 闈炴硶瀛楃: '\u0000'
 i m p o r t   n e t . m i n e c r a f t . w o r l d . g e n . f e a t u r e . 
W o r l d G e n e r a t o r ; 
                      ^
G:\myfirstmod\bloodcraft\src\main\java\com\qiamao\blood\world\WorldGenFleshClus
ter.java:19: 閿欒: 闈炴硶瀛楃: '\u0000'
 i m p o r t   n e t . m i n e c r a f t . w o r l d . g e n . f e a t u r e . 
W o r l d G e n e r a t o r ; 
                                          ^
G:\myfirstmod\bloodcraft\src\main\java\com\qiamao\blood\world\WorldGenFleshClus
ter.java:19: 閿欒: 闈炴硶瀛楃: '\u0000'
 i m p o r t   n e t . m i n e c r a f t . w o r l d . g e n . f e a t u r e . 
W o r l d G e n e r a t o r ; 
                                                      ^
G:\myfirstmod\bloodcraft\src\main\java\com\qiamao\blood\world\WorldGenFleshClus
ter.java:19: 閿欒: 闈炴硶瀛楃: '\u0000'
 i m p o r t   n e t . m i n e c r a f t . w o r l d . g e n . f e a t u r e . 
W o r l d G e n e r a t o r ; 
                                                              ^
G:\myfirstmod\bloodcraft\src\main\java\com\qiamao\blood\world\WorldGenFleshClus
ter.java:19: 閿欒: 闈炴硶瀛楃: '\u0000'
 i m p o r t   n e t . m i n e c r a f t . w o r l d . g e n . f e a t u r e . 
W o r l d G e n e r a t o r ; 
                                                                              ^
G:\myfirstmod\bloodcraft\src\main\java\com\qiamao\blood\world\WorldGenFleshClus
ter.java:19: 閿欒: 闈炴硶瀛楃: '\u0000'
 i m p o r t   n e t . m i n e c r a f t . w o r l d . g e n . f e a t u r e . 
W o r l d G e n e r a t o r ; 
                                                                               
                             ^
G:\myfirstmod\bloodcraft\src\main\java\com\qiamao\blood\world\WorldGenFleshClus
ter.java:20: 閿欒: 闈炴硶瀛楃: '\u0000'
1 actionable task: 1 executed
 
^
G:\myfirstmod\bloodcraft\src\main\java\com\qiamao\blood\world\WorldGenFleshClus
ter.java:21: 閿欒: 闈炴硶瀛楃: '\u0000'
 
^
G:\myfirstmod\bloodcraft\src\main\java\com\qiamao\blood\world\WorldGenFleshClus
ter.java:22: 閿欒: 闈炴硶瀛楃: '\u0000'
 
^
G:\myfirstmod\bloodcraft\src\main\java\com\qiamao\blood\world\WorldGenFleshClus
ter.java:23: 閿欒: 闈炴硶瀛楃: '\u0000'
 i m p o r t   j a v a . u t i l . R a n d o m ; 
^
G:\myfirstmod\bloodcraft\src\main\java\com\qiamao\blood\world\WorldGenFleshClus
ter.java:23: 閿欒: 闈炴硶瀛楃: '\u0000'
 i m p o r t   j a v a . u t i l . R a n d o m ; 
              ^
G:\myfirstmod\bloodcraft\src\main\java\com\qiamao\blood\world\WorldGenFleshClus
ter.java:23: 閿欒: 闇€瑕乧lass, interface鎴杄num
 i m p o r t   j a v a . u t i l . R a n d o m ; 
                       ^
G:\myfirstmod\bloodcraft\src\main\java\com\qiamao\blood\world\WorldGenFleshClus
ter.java:23: 閿欒: 闈炴硶瀛楃: '\u0000'
 i m p o r t   j a v a . u t i l . R a n d o m ; 
                        ^
G:\myfirstmod\bloodcraft\src\main\java\com\qiamao\blood\world\WorldGenFleshClus
ter.java:23: 閿欒: 闈炴硶瀛楃: '\u0000'
 i m p o r t   j a v a . u t i l . R a n d o m ; 
                                  ^
G:\myfirstmod\bloodcraft\src\main\java\com\qiamao\blood\world\WorldGenFleshClus
ter.java:23: 閿欒: 闈炴硶瀛楃: '\u0000'
 i m p o r t   j a v a . u t i l . R a n d o m ; 
                                                ^
G:\myfirstmod\bloodcraft\src\main\java\com\qiamao\blood\world\WorldGenFleshClus
ter.java:24: 閿欒: 闈炴硶瀛楃: '\u0000'
 
^
G:\myfirstmod\bloodcraft\src\main\java\com\qiamao\blood\world\WorldGenFleshClus
ter.java:25: 閿欒: 闈炴硶瀛楃: '\u0000'
 
^
G:\myfirstmod\bloodcraft\src\main\java\com\qiamao\blood\world\WorldGenFleshClus
ter.java:26: 閿欒: 闈炴硶瀛楃: '\u0000'
 
^
G:\myfirstmod\bloodcraft\src\main\java\com\qiamao\blood\world\WorldGenFleshClus
ter.java:27: 閿欒: 闈炴硶瀛楃: '\u0000'
 p u b l i c   c l a s s   W o r l d G e n F l e s h C l u s t e r   e x t e n 
d s   W o r l d G e n e r a t o r   { 
^
G:\myfirstmod\bloodcraft\src\main\java\com\qiamao\blood\world\WorldGenFleshClus
ter.java:27: 閿欒: 闈炴硶瀛楃: '\u0000'
 p u b l i c   c l a s s   W o r l d G e n F l e s h C l u s t e r   e x t e n 
d s   W o r l d G e n e r a t o r   { 
              ^
G:\myfirstmod\bloodcraft\src\main\java\com\qiamao\blood\world\WorldGenFleshClus
ter.java:27: 閿欒: 闈炴硶瀛楃: '\u0000'
 p u b l i c   c l a s s   W o r l d G e n F l e s h C l u s t e r   e x t e n 
d s   W o r l d G e n e r a t o r   { 
                          ^
G:\myfirstmod\bloodcraft\src\main\java\com\qiamao\blood\world\WorldGenFleshClus
ter.java:27: 閿欒: 闈炴硶瀛楃: '\u0000'
 p u b l i c   c l a s s   W o r l d G e n F l e s h C l u s t e r   e x t e n 
d s   W o r l d G e n e r a t o r   { 
                                                                    ^
G:\myfirstmod\bloodcraft\src\main\java\com\qiamao\blood\world\WorldGenFleshClus
ter.java:27: 閿欒: 闈炴硶瀛楃: '\u0000'
 p u b l i c   c l a s s   W o r l d G e n F l e s h C l u s t e r   e x t e n 
d s   W o r l d G e n e r a t o r   { 
                                                                               
     ^
G:\myfirstmod\bloodcraft\src\main\java\com\qiamao\blood\world\WorldGenFleshClus
ter.java:27: 閿欒: 闈炴硶瀛楃: '\u0000'
 p u b l i c   c l a s s   W o r l d G e n F l e s h C l u s t e r   e x t e n 
d s   W o r l d G e n e r a t o r   { 
                                                                               
                                   ^
G:\myfirstmod\bloodcraft\src\main\java\com\qiamao\blood\world\WorldGenFleshClus
ter.java:27: 閿欒: 闈炴硶瀛楃: '\u0000'
 p u b l i c   c l a s s   W o r l d G e n F l e s h C l u s t e r   e x t e n 
d s   W o r l d G e n e r a t o r   { 
                                                                               
                                     ^
G:\myfirstmod\bloodcraft\src\main\java\com\qiamao\blood\world\WorldGenFleshClus
ter.java:28: 閿欒: 闈炴硶瀛楃: '\u0000'
 
^
100 涓敊璇?

FAILURE: Build failed with an exception.

* What went wrong:
Execution failed for task ':compileJava'.
> Compilation failed; see the compiler error output for details.

* Try:
Run with --stacktrace option to get the stack trace. Run with --info or --debug
 option to get more log output. Run with --scan to get full insights.

* Get more help at https://help.gradle.org

BUILD FAILED in 8s
Picked up JAVA_TOOL_OPTIONS: -Dfile.encoding=UTF-8
OpenJDK 64-Bit Server VM warning: Deactivate UseIOPrioritySizePolicy due to fai
led to parse cpu stat
